mmfraction mmcount
0.0088 29
0.0073 24
0.0116 38
0.0046 15
0.0067 22
0.0043 14
0.0058 19
0.0040 13
0.0058 19
0.0076 25
0.0082 27
0.0161 53
0.0052 17
0.0064 21
0.0027 9
0.0043 14
0.0079 26
0.0049 16
0.0049 16
0.0033 11
0.0055 18
0.0049 16
0.0049 16
0.0119 39
0.0122 40
0.0170 56
0.0097 32
0.0055 18
0.0052 17
0.0049 16
0.0064 21
0.0024 8
0.0052 17
0.0085 28
0.0043 14
0.0046 15
