mmfraction mmcount
0.0000 0
0.0256 1
0.0000 0
0.0000 0
0.0000 0
0.0000 0
0.0000 0
0.0256 1
0.0256 1
0.0000 0
0.0000 0
0.0000 0
0.0000 0
0.0000 0
0.0000 0
0.0000 0
0.0000 0
0.0000 0
0.0256 1
0.0000 0
0.0256 1
0.0000 0
0.0000 0
0.0000 0
0.0000 0
0.0000 0
0.0000 0
0.0000 0
0.0256 1
0.0000 0
0.0000 0
0.0000 0
0.0000 0
0.0000 0
0.0000 0
0.0000 0
